[03:33:00] [Render thread/INFO] ========================================
[03:33:00] [Render thread/INFO] Minecraft: 1.21.1
[03:33:00] [Render thread/INFO] Side: client
[03:33:00] [Render thread/INFO] Development: true
[03:33:00] [Render thread/INFO] Version: 16.0.729
[03:33:00] [Render thread/INFO] Loader:
[03:33:00] [Render thread/INFO] - Fabric: 0.16.3
[03:33:00] [Render thread/INFO] - Fabric API: 0.104.0+1.21.1
[03:33:00] [Render thread/INFO] Dependencies:
[03:33:00] [Render thread/INFO] - Cloth Config: 15.0.127
[03:33:00] [Render thread/INFO] - Architectury: 13.0.6
[03:33:00] [Render thread/INFO] Mixin: 0.8.7
[03:33:00] [Render thread/INFO] OS: Windows 10 10.0 (amd64)
[03:33:00] [Render thread/INFO] Java: 21.0.4 (Eclipse Adoptium)
[03:33:00] [Render thread/INFO] ========================================
[03:33:00] [Render thread/INFO] Mods:
[03:33:00] [Render thread/INFO] - architectury: 13.0.6
[03:33:00] [Render thread/INFO] - cloth-basic-math: 0.6.1
[03:33:00] [Render thread/INFO] - cloth-config: 15.0.127
[03:33:00] [Render thread/INFO] - cloth-config: 15.0.127
[03:33:00] [Render thread/INFO] - colorfulazaleas: 0
[03:33:00] [Render thread/INFO] - error_notifier: 1.0.9
[03:33:00] [Render thread/INFO] - fabric-api: 0.104.0+1.21.1
[03:33:00] [Render thread/INFO] - fabric-api: 0.104.0+1.21.1
[03:33:00] [Render thread/INFO] - fabric-api-base: 0.4.42+6573ed8c19
[03:33:00] [Render thread/INFO] - fabric-api-lookup-api-v1: 1.6.68+b559734419
[03:33:00] [Render thread/INFO] - fabric-biome-api-v1: 13.0.29+5bd9f1bc19
[03:33:00] [Render thread/INFO] - fabric-block-api-v1: 1.0.22+0af3f5a719
[03:33:00] [Render thread/INFO] - fabric-block-view-api-v2: 1.0.10+6573ed8c19
[03:33:00] [Render thread/INFO] - fabric-blockrenderlayer-v1: 1.1.52+0af3f5a719
[03:33:00] [Render thread/INFO] - fabric-client-tags-api-v1: 1.1.15+6573ed8c19
[03:33:00] [Render thread/INFO] - fabric-command-api-v1: 1.2.49+f71b366f19
[03:33:00] [Render thread/INFO] - fabric-command-api-v2: 2.2.28+6ced4dd919
[03:33:00] [Render thread/INFO] - fabric-commands-v0: 0.2.66+df3654b319
[03:33:00] [Render thread/INFO] - fabric-content-registries-v0: 8.0.16+b559734419
[03:33:00] [Render thread/INFO] - fabric-convention-tags-v1: 2.0.22+7f945d5b19
[03:33:00] [Render thread/INFO] - fabric-convention-tags-v2: 2.7.0+4053855719
[03:33:00] [Render thread/INFO] - fabric-crash-report-info-v1: 0.2.29+0af3f5a719
[03:33:00] [Render thread/INFO] - fabric-data-attachment-api-v1: 1.1.28+1daea21519
[03:33:00] [Render thread/INFO] - fabric-data-generation-api-v1: 20.2.19+16c4ae2519
[03:33:00] [Render thread/INFO] - fabric-dimensions-v1: 4.0.0+6fc22b9919
[03:33:00] [Render thread/INFO] - fabric-entity-events-v1: 1.7.0+2122d82819
[03:33:00] [Render thread/INFO] - fabric-events-interaction-v0: 0.7.12+ba9dae0619
[03:33:00] [Render thread/INFO] - fabric-game-rule-api-v1: 1.0.53+6ced4dd919
[03:33:00] [Render thread/INFO] - fabric-gametest-api-v1: 2.0.4+6fc22b9919
[03:33:00] [Render thread/INFO] - fabric-item-api-v1: 11.0.0+afdfc92119
[03:33:00] [Render thread/INFO] - fabric-item-group-api-v1: 4.1.5+3fc0e55219
[03:33:00] [Render thread/INFO] - fabric-key-binding-api-v1: 1.0.47+0af3f5a790
[03:33:00] [Render thread/INFO] - fabric-keybindings-v0: 0.2.45+df3654b319
[03:33:00] [Render thread/INFO] - fabric-lifecycle-events-v1: 2.3.12+6c1df36019
[03:33:00] [Render thread/INFO] - fabric-loot-api-v2: 3.0.14+3f89f5a519
[03:33:00] [Render thread/INFO] - fabric-loot-api-v3: 1.0.2+3f89f5a519
[03:33:00] [Render thread/INFO] - fabric-message-api-v1: 6.0.13+6573ed8c19
[03:33:00] [Render thread/INFO] - fabric-model-loading-api-v1: 2.0.0+fe474d6b19
[03:33:00] [Render thread/INFO] - fabric-networking-api-v1: 4.2.2+60c3209b19
[03:33:00] [Render thread/INFO] - fabric-object-builder-api-v1: 15.2.0+40875a9319
[03:33:00] [Render thread/INFO] - fabric-particles-v1: 4.0.2+6573ed8c19
[03:33:00] [Render thread/INFO] - fabric-recipe-api-v1: 5.0.12+6508971219
[03:33:00] [Render thread/INFO] - fabric-registry-sync-v0: 5.1.2+60c3209b19
[03:33:00] [Render thread/INFO] - fabric-renderer-api-v1: 3.4.0+c705a49c19
[03:33:00] [Render thread/INFO] - fabric-renderer-indigo: 1.7.0+c705a49c19
[03:33:00] [Render thread/INFO] - fabric-renderer-registries-v1: 3.2.68+df3654b319
[03:33:00] [Render thread/INFO] - fabric-rendering-data-attachment-v1: 0.3.48+73761d2e19
[03:33:00] [Render thread/INFO] - fabric-rendering-fluids-v1: 3.1.6+1daea21519
[03:33:00] [Render thread/INFO] - fabric-rendering-v0: 1.1.71+df3654b319
[03:33:00] [Render thread/INFO] - fabric-rendering-v1: 5.0.5+df16efd019
[03:33:00] [Render thread/INFO] - fabric-resource-conditions-api-v1: 4.3.0+8dc279b119
[03:33:00] [Render thread/INFO] - fabric-resource-loader-v0: 1.3.0+5659912919
[03:33:00] [Render thread/INFO] - fabric-screen-api-v1: 2.0.25+8b68f1c719
[03:33:00] [Render thread/INFO] - fabric-screen-handler-api-v1: 1.3.86+b559734419
[03:33:00] [Render thread/INFO] - fabric-sound-api-v1: 1.0.23+6573ed8c19
[03:33:00] [Render thread/INFO] - fabric-transfer-api-v1: 5.2.0+d38f898f19
[03:33:00] [Render thread/INFO] - fabric-transitive-access-wideners-v1: 6.1.0+1daea21519
[03:33:00] [Render thread/INFO] - fabricloader: 0.16.3
[03:33:00] [Render thread/INFO] - java: 21
[03:33:00] [Render thread/INFO] - minecraft: 1.21.1
[03:33:00] [Render thread/INFO] - mixinextras: 0.4.1
[03:33:00] [Render thread/INFO] - roughlyenoughitems: 16.0.729
[03:33:00] [Render thread/INFO] ========================================
[03:33:00] [Render thread/DEBUG] [REI] Added filtering rule [roughlyenoughitems:search]: INSTANCE
[03:33:00] [Render thread/DEBUG] [REI] Added filtering rule [roughlyenoughitems:manual]: INSTANCE
[03:33:00] [Render thread/DEBUG] [REI] Added filtering rule [roughlyenoughitems:basic]: INSTANCE
[03:33:00] [Render thread/INFO] [REI] Config loaded
[03:33:00] [Render thread/DEBUG] [REI] Config saved
[03:33:00] [Render thread/DEBUG] [REI] Config saved
[03:33:00] [Render thread/DEBUG] [REI] Config saved
[03:33:01] [Render thread/INFO] [REI] Registered plugin provider DefaultPlugin [roughlyenoughitems] for REIPlugin
[03:33:01] [Render thread/INFO] [REI] Registered plugin provider DefaultRuntimePlugin [roughlyenoughitems] for REIPlugin
[03:33:01] [Render thread/INFO] [REI] Registered plugin provider DefaultClientPlugin [roughlyenoughitems] for REIPlugin
[03:33:01] [Render thread/INFO] [REI] Registered plugin provider DefaultClientRuntimePlugin [roughlyenoughitems] for REIPlugin
[03:33:01] [Render thread/DEBUG] [REI] Added filtering rule [roughlyenoughitems:hidden_from_recipe_viewers]: INSTANCE
[03:33:01] [Render thread/INFO] [REI] Registered plugin provider HideIngredientsFromTagsPlugin [roughlyenoughitems] for REIPlugin
[03:33:01] [Render thread/INFO] [REI] Registered plugin provider DefaultPlugin [roughlyenoughitems] for REIServerPlugin
[03:33:01] [Render thread/INFO] [REI] Registered plugin provider DefaultRuntimePlugin [roughlyenoughitems] for REIServerPlugin
[03:33:01] [Render thread/INFO] [REI] Registered plugin provider FabricFluidAPISupportPlugin for REIServerPlugin
[03:33:01] [Render thread/INFO] [REI] Registered plugin provider FabricFluidAPISupportPlugin for REIPlugin
[03:33:01] [Render thread/INFO] [REI] Registered plugin provider DefaultClientPlugin [roughlyenoughitems] for REIClientPlugin
[03:33:01] [Render thread/INFO] [REI] Registered plugin provider DefaultClientRuntimePlugin [roughlyenoughitems] for REIClientPlugin
[03:33:01] [Render thread/INFO] [REI] Registered plugin provider HideIngredientsFromTagsPlugin [roughlyenoughitems] for REIClientPlugin
